// Jest Snapshot v1, https://goo.gl/fbAQLP

exports[`test Button test button snapshot 1`] = `
<div>
  <button>
    XXX
  </button>
</div>
`;
